npm notice run slopify@0.1.0 test
npm notice run npm run build && node --test "dist/test/**/*.test.js"
npm notice run slopify@0.1.0 build
npm notice run npm --prefix .. run build -w @acp-client/workspace && npm --prefix .. exec -- tsc -p tsconfig.json --incremental false
npm notice run @acp-client/workspace@0.0.0 build
npm notice run tsc -p tsconfig.json --incremental false
npm notice run slopify-workspace@0.1.0 npx
npm notice run 'tsc' -p tsconfig.json --incremental false
✔ parses the run contract with an explicit agent (1.286375ms)
✔ resolves cwd portably (0.07975ms)
✔ requires an agent for run and resume (0.225667ms)
✔ requires a pipeline and prompt (0.065083ms)
✔ parses list json and verbose options without accepting run-only flags (0.078458ms)
✔ keeps prompt-looking options after the positional delimiter (0.062333ms)
✔ requires a value for --cwd (0.045667ms)
✔ --help returns help command (0.040792ms)
✔ -h returns help command (0.051166ms)
✔ empty argv returns help command (0.084042ms)
✔ unknown command throws error with help text (0.061667ms)
✔ unknown option throws error (0.04675ms)
✔ run requires both pipeline name and prompt (0.05175ms)
✔ list with all valid options (0.039417ms)
✔ run with all valid options (0.051667ms)
✔ run with -y short option (0.053041ms)
✔ parses crash recovery by persisted run id (0.056459ms)
✔ parses --keep-sandboxes independently from --yes (0.041916ms)
✔ positional delimiter stops option parsing (0.032208ms)
✔ shows referenced spec and tickets but approves the compact handoff (21.446375ms)
✔ fails before approval when a required workspace handoff has no files (10.697625ms)
✔ runs an injected backend and forwards agent metadata (27.773ms)
✔ binds the selected CLI agent to agentless pipeline nodes (10.60375ms)
✔ resumes a persisted pipeline pause after the CLI host is reconstructed (34.56875ms)
✔ surfaces an Integration Conflict and retries its node through the CLI host (29.031709ms)
✔ passes workspace services to the backend factory (0.427875ms)
✔ preflights a workspace-writing pipeline before creating run artifacts (0.570416ms)
✔ requires a runner from the host or backend (0.243625ms)
✔ logs agent failures with RPC details (7.502542ms)
✔ clears run logs through the backend hook (9.748333ms)
✔ rejects resume and cancel for unknown runs (0.681375ms)
warning: in the working copy of 'README.md', LF will be replaced by CRLF the next time Git touches it
warning: in the working copy of 'README.md', LF will be replaced by CRLF the next time Git touches it
warning: in the working copy of '.scratch/feature/issues/01-fix.md', LF will be replaced by CRLF the next time Git touches it
warning: in the working copy of '.scratch/feature/spec.md', LF will be replaced by CRLF the next time Git touches it
✔ delivery approval inspects checkpoint documents without promoting them to the host (389.336333ms)
✖ loads the simple, moyen, and full pipeline levels from the workspace catalog (11.365041ms)
✔ keeps the existing specialized pipelines available (3.195292ms)
✔ answers a v3 question then approves the next pause (22.872625ms)
✔ recovers a persisted running pipeline instead of starting a new one (6.367ms)
✔ translates /done into complete-interview for v3 questions (4.503708ms)
✔ --yes auto-approves approvals but never promotions (7.732417ms)
✔ json mode prints the normalized final result without pause prompts (5.94175ms)
✔ plain mode pretty prints object artifacts (5.41625ms)
✔ reports failed and cancelled final results on stderr (9.144958ms)
✔ reports a rejected Pipeline Change Set distinctly from cancellation (5.578333ms)
✔ reports failed final results with node and attempt context when available (4.406291ms)
✔ keeps asking until a question receives a non-empty answer (3.9125ms)
✔ formatPipelineList with non-empty list in text mode produces stable format (0.140041ms)
✔ formatPipelineList with non-empty list in JSON mode produces valid JSON (0.067042ms)
✔ formatPipelineList with empty list in text mode shows clear message (0.030042ms)
✔ formatPipelineList with empty list in JSON mode returns empty array (0.02425ms)
✔ formatPipelineList with single pipeline in text mode (0.027625ms)
✔ creates the standalone CLI backend without loading an editor plugin (4.447083ms)
✔ rejects a CLI-selected agent that is not configured in the workspace (1.328ms)
✔ rejects invalid workspace agent configuration before running a pipeline (0.750958ms)
✔ formats every retained sandbox command as copyable CLI output (0.073333ms)
✔ formats the complete Pipeline Change Set preview for the Promotion decision (0.078083ms)
✔ dispatches one implement-ticket run per ticket before review (32.886792ms)
✔ fails before child execution when a Ticket Graph node has no Markdown adapter (23.360958ms)
✔ cancels pending questions when stdin closes (1.931875ms)
✔ ask returns user input with whitespace trimmed (0.3425ms)
✔ confirm with y returns true (0.148375ms)
✔ confirm with n returns false (0.119041ms)
✔ confirm with yes returns true (0.138375ms)
✔ confirm with oui returns true (0.118916ms)
✔ confirm with o returns true (0.091958ms)
✔ confirm with empty string returns false (0.456791ms)
✔ confirm with message displays full message (0.3255ms)
✔ write outputs to stdout with newline (0.18ms)
✔ writeError outputs to stderr with newline (0.0935ms)
ℹ tests 67
ℹ suites 0
ℹ pass 66
ℹ fail 1
ℹ cancelled 0
ℹ skipped 0
ℹ todo 0
ℹ duration_ms 529.044166

✖ failing tests:

test at dist/test/pipelineLevels.test.js:5:1
✖ loads the simple, moyen, and full pipeline levels from the workspace catalog (11.365041ms)
  AssertionError [ERR_ASSERTION]: full delivery must request promotion instead of silently discarding it
  
  'discard' !== 'ask'
  
      at TestContext.<anonymous> (file:///Users/dhuyet/Documents/POC/Slopify/slopify/dist/test/pipelineLevels.test.js:43:16)
      at Test.runInAsyncScope (node:async_hooks:227:14)
      at Test.run (node:internal/test_runner/test:1325:25)
      at Test.start (node:internal/test_runner/test:1191:17)
      at startSubtestAfterBootstrap (node:internal/test_runner/harness:385:17) {
    generatedMessage: false,
    code: 'ERR_ASSERTION',
    actual: 'discard',
    expected: 'ask',
    operator: 'strictEqual',
    diff: 'simple'
  }
npm error Lifecycle script `test` failed with error:
npm error code 1
npm error path /Users/dhuyet/Documents/POC/Slopify/slopify
npm error workspace slopify@0.1.0
npm error location /Users/dhuyet/Documents/POC/Slopify/slopify
npm error command failed
npm error command sh -c npm run build && node --test "dist/test/**/*.test.js"
