npm notice run slopify@0.1.0 test
npm notice run npm run build && node --test "dist/test/**/*.test.js"
npm notice run slopify@0.1.0 build
npm notice run npm --prefix .. run build -w @acp-client/workspace && npm --prefix .. exec -- tsc -p tsconfig.json --incremental false
npm notice run @acp-client/workspace@0.0.0 build
npm notice run tsc -p tsconfig.json --incremental false
npm notice run slopify-workspace@0.1.0 npx
npm notice run 'tsc' -p tsconfig.json --incremental false
✔ parses the run contract with an explicit agent (1.23675ms)
✔ resolves cwd portably (0.074875ms)
✔ requires an agent for run and resume (0.213958ms)
✔ requires a pipeline and prompt (0.056125ms)
✔ parses list json and verbose options without accepting run-only flags (0.070959ms)
✔ keeps prompt-looking options after the positional delimiter (0.062166ms)
✔ requires a value for --cwd (0.044458ms)
✔ --help returns help command (0.042541ms)
✔ -h returns help command (0.044708ms)
✔ empty argv returns help command (0.083ms)
✔ unknown command throws error with help text (0.063083ms)
✔ unknown option throws error (0.04575ms)
✔ run requires both pipeline name and prompt (0.049583ms)
✔ list with all valid options (0.047333ms)
✔ run with all valid options (0.053666ms)
✔ run with -y short option (0.061333ms)
✔ parses crash recovery by persisted run id (0.043792ms)
✔ parses --keep-sandboxes independently from --yes (0.040542ms)
✔ positional delimiter stops option parsing (0.03425ms)
✔ shows referenced spec and tickets but approves the compact handoff (16.314333ms)
✔ fails before approval when a required workspace handoff has no files (11.74075ms)
✔ runs an injected backend and forwards agent metadata (16.531791ms)
✔ binds the selected CLI agent to agentless pipeline nodes (9.96675ms)
✔ resumes a persisted pipeline pause after the CLI host is reconstructed (9.85575ms)
✔ surfaces an Integration Conflict and retries its node through the CLI host (32.147125ms)
✔ passes workspace services to the backend factory (0.441584ms)
✔ preflights a workspace-writing pipeline before creating run artifacts (0.440125ms)
✔ requires a runner from the host or backend (0.25525ms)
✔ logs agent failures with RPC details (7.955583ms)
✔ clears run logs through the backend hook (12.260667ms)
✔ rejects resume and cancel for unknown runs (0.847875ms)
warning: in the working copy of 'README.md', LF will be replaced by CRLF the next time Git touches it
warning: in the working copy of 'README.md', LF will be replaced by CRLF the next time Git touches it
warning: in the working copy of '.scratch/feature/issues/01-fix.md', LF will be replaced by CRLF the next time Git touches it
warning: in the working copy of '.scratch/feature/spec.md', LF will be replaced by CRLF the next time Git touches it
✖ delivery approval inspects checkpoint documents without promoting them to the host (214.677583ms)
✔ loads the simple, moyen, and full pipeline levels from the workspace catalog (12.704625ms)
✔ keeps the existing specialized pipelines available (3.992708ms)
✔ answers a v3 question then approves the next pause (23.389ms)
✔ recovers a persisted running pipeline instead of starting a new one (5.36525ms)
✔ translates /done into complete-interview for v3 questions (9.820792ms)
✔ --yes auto-approves approvals but never promotions (3.841458ms)
✔ json mode prints the normalized final result without pause prompts (4.487792ms)
✔ plain mode pretty prints object artifacts (5.127208ms)
✔ reports failed and cancelled final results on stderr (11.01375ms)
✔ reports a rejected Pipeline Change Set distinctly from cancellation (3.942709ms)
✔ reports failed final results with node and attempt context when available (3.960709ms)
✔ keeps asking until a question receives a non-empty answer (3.836458ms)
✔ formatPipelineList with non-empty list in text mode produces stable format (0.098458ms)
✔ formatPipelineList with non-empty list in JSON mode produces valid JSON (0.066041ms)
✔ formatPipelineList with empty list in text mode shows clear message (0.033416ms)
✔ formatPipelineList with empty list in JSON mode returns empty array (0.022875ms)
✔ formatPipelineList with single pipeline in text mode (0.034875ms)
✔ creates the standalone CLI backend without loading an editor plugin (4.490333ms)
✔ rejects a CLI-selected agent that is not configured in the workspace (1.460375ms)
✔ rejects invalid workspace agent configuration before running a pipeline (0.829666ms)
✔ formats every retained sandbox command as copyable CLI output (0.160917ms)
✔ formats the complete Pipeline Change Set preview for the Promotion decision (0.118958ms)
✔ dispatches one implement-ticket run per ticket before review (30.685084ms)
✔ fails before child execution when a Ticket Graph node has no Markdown adapter (24.736125ms)
✔ cancels pending questions when stdin closes (1.891ms)
✔ ask returns user input with whitespace trimmed (0.375375ms)
✔ confirm with y returns true (0.151083ms)
✔ confirm with n returns false (0.123333ms)
✔ confirm with yes returns true (0.145208ms)
✔ confirm with oui returns true (0.112083ms)
✔ confirm with o returns true (0.092667ms)
✔ confirm with empty string returns false (1.337167ms)
✔ confirm with message displays full message (0.191166ms)
✔ write outputs to stdout with newline (0.159792ms)
✔ writeError outputs to stderr with newline (0.101875ms)
ℹ tests 67
ℹ suites 0
ℹ pass 66
ℹ fail 1
ℹ cancelled 0
ℹ skipped 0
ℹ todo 0
ℹ duration_ms 352.008708

✖ failing tests:

test at dist/test/isolatedHandoff.test.js:8:1
✖ delivery approval inspects checkpoint documents without promoting them to the host (214.677583ms)
  AssertionError [ERR_ASSERTION]: Expected values to be strictly equal:
  + actual - expected
  
  + 'failed'
  - 'interaction-required'
  
      at TestContext.<anonymous> (file:///Users/dhuyet/Documents/POC/Slopify/slopify/dist/test/isolatedHandoff.test.js:47:12)
      at async Test.run (node:internal/test_runner/test:1332:7)
      at async startSubtestAfterBootstrap (node:internal/test_runner/harness:385:3) {
    generatedMessage: true,
    code: 'ERR_ASSERTION',
    actual: 'failed',
    expected: 'interaction-required',
    operator: 'strictEqual',
    diff: 'simple'
  }
npm error Lifecycle script `test` failed with error:
npm error code 1
npm error path /Users/dhuyet/Documents/POC/Slopify/slopify
npm error workspace slopify@0.1.0
npm error location /Users/dhuyet/Documents/POC/Slopify/slopify
npm error command failed
npm error command sh -c npm run build && node --test "dist/test/**/*.test.js"
