npm notice run @acp-client/pipeline@0.0.0 test
npm notice run npm run clean:test && npm run build && tsc -p tsconfig.test.json && node --test "dist-test/**/*.test.js"
npm notice run @acp-client/pipeline@0.0.0 clean:test
npm notice run node -e "require('fs').rmSync('dist-test', { recursive: true, force: true })"
npm notice run @acp-client/pipeline@0.0.0 build
npm notice run tsc -p tsconfig.json --incremental false
✔ CLI AgentNodeSession contract opens, exchanges multiple interview turns, projects temporary activity, and closes (6.884ms)
✔ CLI AgentNodeSession contract cancels and closes in-flight work (0.485959ms)
✔ CLI AgentNodeSession contract classifies failures, retries transport loss, replays interviews, and emits one node_started (0.4605ms)
✔ CLI AgentNodeSession contract applies policy capability checks before opening and keeps retry close rules stable (0.538292ms)
✔ Pi AgentNodeSession contract opens, exchanges multiple interview turns, projects temporary activity, and closes (0.576375ms)
✔ Pi AgentNodeSession contract cancels and closes in-flight work (0.2275ms)
✔ Pi AgentNodeSession contract classifies failures, retries transport loss, replays interviews, and emits one node_started (0.287833ms)
✔ Pi AgentNodeSession contract applies policy capability checks before opening and keeps retry close rules stable (0.835ms)
✔ VS Code AgentNodeSession contract opens, exchanges multiple interview turns, projects temporary activity, and closes (0.558417ms)
✔ VS Code AgentNodeSession contract cancels and closes in-flight work (0.173875ms)
✔ VS Code AgentNodeSession contract classifies failures, retries transport loss, replays interviews, and emits one node_started (0.225292ms)
✔ VS Code AgentNodeSession contract applies policy capability checks before opening and keeps retry close rules stable (0.265458ms)
✔ validateMultiAgentArtifact accepts versioned ticket graph artifacts (0.471458ms)
✔ validateMultiAgentArtifact reports localized contract and field errors (0.4135ms)
✔ publishMultiAgentArtifact returns a typed PipelineArtifact (0.075375ms)
✔ compileExecutionPlan derives stable implementation identities, terminals, and final review (0.274375ms)
✔ compileExecutionPlan represents a new plan revision without mutating the frozen plan (0.109417ms)
✔ compileExecutionPlan rejects duplicate identities, missing dependencies, and cycles (0.128125ms)
✔ validateExecutionPlan rejects unsupported versions and invalid final review dependencies (0.303875ms)
✔ validateExecutionPlanSnapshot rejects expansion state that cannot prove one complete expansion (0.194167ms)
✔ markExecutionPlanExpanded records one complete expansion and rejects a second copy (0.348334ms)
✔ renderAcpPrompt preserves skills, instructions, and task as separate ACP text blocks (0.674459ms)
✔ renderAcpPrompt omits empty optional layers and always emits the task (0.068375ms)
✔ publishPipelineArtifacts writes spec.md and one file per markdown ticket (3.603333ms)
✔ publishPipelineArtifacts replaces stale generated ticket files (2.671125ms)
✔ normalizePipelinePolicy applies read-only defaults deterministically (0.602ms)
✔ validateAdapterSupportsPolicy refuses policies an adapter cannot guarantee (0.111333ms)
✔ evaluateToolPermissionForPolicy denies mutations under read-only policy (0.072625ms)
✔ legacy mappings preserve existing adapter vocabulary (0.062958ms)
✔ PipelineRuntime completes a linear pipeline with strict inputs and final artifact (5.691458ms)
✔ PipelineRuntime fails a terminal workspace-writing node that completes without a checkpoint (1.898666ms)
✔ PipelineRuntime renders node prompts from start inputs and typed artifacts (2.072459ms)
✔ PipelineRuntime persists one immutable Execution Plan and restores its expansion state (2.131292ms)
✔ PipelineRuntime rejects Execution Plan node identities that collide with static nodes (0.291292ms)
✔ PipelineRuntime compiles and persists a Ticket Graph before the first implementation starts (1.724333ms)
✔ PipelineRuntime rejects an unsupported structured Ticket Graph version (4.044459ms)
✔ PipelineRuntime renders pause content from typed inputs (0.337333ms)
✔ PipelineRuntime supports multiple stable pauses and rejects obsolete resumes (2.115917ms)
✔ PipelineRuntime resumes a persisted pause after runtime reconstruction (0.380334ms)
✔ PipelineRuntime emits telemetry through options without EventEmitter surface (0.210625ms)
✔ PipelineRuntime runs ready nodes together and retries transient failures (0.392542ms)
✔ PipelineRuntime expands one plan in the main run and respects dependency and concurrency limits (4.639292ms)
✔ PipelineRuntime resumes an expanded plan without injecting duplicate nodes (2.820292ms)
✔ PipelineRuntime recovers a partially executed dynamic plan without restarting completed work (6.918042ms)
✔ PipelineRuntime fail-fast result preserves diagnostics and cancels pending nodes (1.031667ms)
✔ PipelineRuntime refuses unsupported adapter policies before sending prompts (0.218084ms)
✔ PipelineRuntime refuses unresolved node skills before sending prompts (0.222167ms)
✔ PipelineRuntime pauses an interview question, records the answer, then produces a ready artifact for approval (4.016875ms)
✔ PipelineRuntime completes an interview with complete-interview and rejects later question output (7.478167ms)
✔ PipelineRuntime makes one normalized final output request after complete-interview (0.351667ms)
✔ PipelineRuntime fails after one invalid final output request without using interview repairs (0.35075ms)
✔ PipelineRuntime restores a multi-turn interview from snapshot replay and rejects obsolete answers (0.44975ms)
✔ PipelineRuntime persists node ACP history as structured replay artifact after each meaningful interview exchange (0.747417ms)
✔ PipelineRuntime repairs one malformed interview output before failing explicitly (1.000791ms)
✔ PipelineRuntime gives each interview turn its own repair budget (0.368417ms)
✔ PipelineRuntime serializes interview nodes while ordinary agents can still run (0.244792ms)
✔ PipelineRuntime returns an interview pause without waiting for ordinary independent nodes (0.211291ms)
✔ PipelineRuntime keeps technical retries independent from interview repairs (0.240584ms)
✔ PipelineRuntime replaces an interview session after retryable transport loss (2.075708ms)
✔ PipelineRuntime replays interview history into a replacement session after transport loss (0.799333ms)
✔ PipelineRuntime retries non-transport interview failures without replaying history (0.383333ms)
✔ PipelineRuntime does not let an interview pause mask an ordinary node failure (0.271042ms)
✔ PipelineRuntime opens and closes one AgentNodeSession per non-interactive attempt (0.262334ms)
✔ PipelineRuntime closes a non-interactive AgentNodeSession when send throws (0.313375ms)
✔ PipelineRuntime cancels and closes an in-flight non-interactive AgentNodeSession on run cancel (0.21425ms)
✔ PipelineRuntime keeps an interview AgentNodeSession open across user answers and closes it on final artifact (0.285959ms)
✔ PipelineRuntime projects temporary agent activity without publishing node artifacts (0.227917ms)
✔ PipelineRuntime rejects an AgentNodeSession bound to another run or node (0.153875ms)
✔ PipelineRuntime cancels and closes the active interview session on reject (0.212ms)
✔ PipelineRuntime closes active sessions after terminal success and failure are persisted (0.322167ms)
✔ dynamic tickets inherit approved delivery checkpoints and explicit output contracts (0.772542ms)
✖ agent adapter decodes bare and fenced JSON before publishing typed artifacts (11.060625ms)
✔ agent adapter rejects malformed JSON and preserves Markdown text (0.357959ms)
✔ orders checkpoints by DAG level and declaration order, not declaration alone (1.42125ms)
✔ parallel agents may finish in opposite orders while finalization stays unique (102.325958ms)
✔ a multi-parent descendant receives every satisfied dependency checkpoint in stable declaration order (1.139458ms)
✔ an incompatible descendant composition suspends inspectably and resumes only that descendant (1.481708ms)
✔ a descendant requires checkpoints only from workspace-writing dependencies (0.617584ms)
✔ persists sandbox identity, base, checkpoint, integration state, and diagnostics before finalization (0.425416ms)
✔ recovers a running node from its persisted Sandbox Run after process reconstruction (0.940208ms)
✔ approving a node-recovery divergence retries the unfinished node instead of finalizing it (0.564834ms)
✔ a recovery divergence cancels and drains parallel node sessions before pausing (0.310541ms)
✔ read-only sandbox checkpoints remain checkpointed instead of being recorded as integrated (0.335125ms)
✔ recovers a crash after checkpoint persistence and before Promotion without relaunching the agent (0.222709ms)
✔ a finalization failure persists and emits failed without a premature completed event (3.580792ms)
✔ an Integration Conflict pauses finalization and approval retries only the incoming node (0.847167ms)
✔ a sandbox resume divergence pauses without relaunch and approval only retries reconciliation (0.425042ms)
✔ an Integration Conflict remains retryable without a persistent run store (5.485792ms)
✔ a persistent Integration Conflict pauses again after approval (0.734042ms)
✔ completed runs do not remain retained by the fallback store (3.150542ms)
✔ failed runs do not remain retained by the fallback store (0.427292ms)
✔ cancelled runs do not remain retained by the fallback store (2.86475ms)
✔ persists a completed run before notifying a failing observer (4.090583ms)
✔ a rejected Promotion cancels the run without emitting completed (4.077625ms)
✔ a cancelled Promotion cancels the run without emitting completed (4.082667ms)
✔ PipelineService materializes planning artifacts before delivery approval (10.782875ms)
✔ PipelineService runs a v3 program through PipelineRuntime with two approvals (5.741667ms)
✔ PipelineService v3 execution requires AgentNodeSession and exposes no runAgent fallback (0.282292ms)
✔ PipelineService accepts an AgentNodeSession factory for v3 agent nodes (0.283625ms)
✔ PipelineService cancel clears active v3 runtime sessions (0.361042ms)
✔ PipelineService calls onPipelineStart only for a new v3 pipeline run (0.522583ms)
✔ PipelineService projects v3 pause rejection as rejected (1.843083ms)
✔ PipelineService exposes generic v3 question resume decisions (0.386583ms)
✔ discoverModelInvokedSkills excludes explicit-only skills deterministically (1.871791ms)
✔ resolveExplicitPipelineSkills injects disable-model-invocation skills (0.498416ms)
✔ resolveExplicitPipelineSkills reports missing and disabled skills before execution (0.218833ms)
✔ resolveExplicitPipelineSkills supports folder aliases and stable path rendering (0.240209ms)
✔ resolveExplicitPipelineSkills reports ambiguous aliases (0.214875ms)
✔ resolveExplicitPipelineSkills covers named delivery pipeline skills (0.313ms)
✔ compilePipelineV3Catalog refuses v2 without implicit conversion (1.109083ms)
✔ compilePipelineV3Catalog returns compiled v3 programs in deterministic file order (1.046041ms)
✔ compilePipelineV3Catalog rejects node network policies for Docker Sandbox agents (0.120041ms)
✔ resolvePipelineV3InstructionFiles preserves instructions separately from the task prompt (2.142833ms)
✔ resolvePipelineV3InstructionFiles accepts promptFile as a migration alias without concatenating (4.093208ms)
✔ resolvePipelineV3InstructionFiles keeps promptFile-only nodes as legacy complete tasks (0.93425ms)
✔ resolvePipelineV3InstructionFiles rejects instructionsFile without a task prompt (2.04375ms)
✔ resolvePipelineV3InstructionFiles rejects instruction paths outside ACP config root (0.860417ms)
✔ compilePipelineV3Definition compiles an immutable DAG with parallel-ready roots (1.44775ms)
✔ compilePipelineV3Definition owns Promotion once at pipeline level (0.15125ms)
✔ compilePipelineV3Definition rejects cycles, missing dependencies and unsupported versions deterministically (0.097459ms)
✔ compilePipelineV3Definition enforces strict typed artifact inputs (0.141375ms)
✔ compilePipelineV3Definition validates agent interview interaction (0.228709ms)
✔ compilePipelineV3Definition accepts instructionsFile as the public role-file field (1.184625ms)
✔ compilePipelineV3Definition accepts agent nodes without embedding an agent choice (0.099916ms)
✔ compilePipelineV3Definition rejects node network policy for Docker Sandbox Runs (0.15675ms)
✔ compilePipelineV3Definition compiles typed workspace handoff metadata (0.136792ms)
✔ compilePipelineV3Definition rejects invalid workspace handoff metadata (0.07725ms)
✔ interactive proposed plans expose their pending question (0.632958ms)
✔ ready proposed plans can be approved (0.209291ms)
✔ question proposed plans cannot be approved (0.34625ms)
✔ legacy proposed plans remain approvable (0.080583ms)
ℹ tests 131
ℹ suites 0
ℹ pass 130
ℹ fail 1
ℹ cancelled 0
ℹ skipped 0
ℹ todo 0
ℹ duration_ms 201.81075

✖ failing tests:

test at dist-test/PipelineRuntimeAgentAdapter.test.js:22:22
✖ agent adapter decodes bare and fenced JSON before publishing typed artifacts (11.060625ms)
  AssertionError [ERR_ASSERTION]: The expression evaluated to a falsy value:
  
    ok('artifact' in result)
  
      at TestContext.<anonymous> (/Users/dhuyet/Documents/POC/Slopify/acp-pipeline/dist-test/PipelineRuntimeAgentAdapter.test.js:26:26)
      at async Test.run (node:internal/test_runner/test:1332:7)
      at async startSubtestAfterBootstrap (node:internal/test_runner/harness:385:3) {
    generatedMessage: true,
    code: 'ERR_ASSERTION',
    actual: false,
    expected: true,
    operator: '==',
    diff: 'simple'
  }
npm error Lifecycle script `test` failed with error:
npm error code 1
npm error path /Users/dhuyet/Documents/POC/Slopify/acp-pipeline
npm error workspace @acp-client/pipeline@0.0.0
npm error location /Users/dhuyet/Documents/POC/Slopify/acp-pipeline
npm error command failed
npm error command sh -c npm run clean:test && npm run build && tsc -p tsconfig.test.json && node --test "dist-test/**/*.test.js"
