npm notice run @acp-client/pipeline@0.0.0 test
npm notice run npm run clean:test && npm run build && tsc -p tsconfig.test.json && node --test "dist-test/**/*.test.js"
npm notice run @acp-client/pipeline@0.0.0 clean:test
npm notice run node -e "require('fs').rmSync('dist-test', { recursive: true, force: true })"
npm notice run @acp-client/pipeline@0.0.0 build
npm notice run tsc -p tsconfig.json --incremental false
✔ CLI AgentNodeSession contract opens, exchanges multiple interview turns, projects temporary activity, and closes (8.515834ms)
✔ CLI AgentNodeSession contract cancels and closes in-flight work (1.719708ms)
✔ CLI AgentNodeSession contract classifies failures, retries transport loss, replays interviews, and emits one node_started (0.511209ms)
✔ CLI AgentNodeSession contract applies policy capability checks before opening and keeps retry close rules stable (0.541125ms)
✔ Pi AgentNodeSession contract opens, exchanges multiple interview turns, projects temporary activity, and closes (0.623541ms)
✔ Pi AgentNodeSession contract cancels and closes in-flight work (0.223708ms)
✔ Pi AgentNodeSession contract classifies failures, retries transport loss, replays interviews, and emits one node_started (0.335334ms)
✔ Pi AgentNodeSession contract applies policy capability checks before opening and keeps retry close rules stable (0.356666ms)
✔ VS Code AgentNodeSession contract opens, exchanges multiple interview turns, projects temporary activity, and closes (0.612833ms)
✔ VS Code AgentNodeSession contract cancels and closes in-flight work (0.201834ms)
✔ VS Code AgentNodeSession contract classifies failures, retries transport loss, replays interviews, and emits one node_started (0.253667ms)
✔ VS Code AgentNodeSession contract applies policy capability checks before opening and keeps retry close rules stable (0.309458ms)
✔ validateMultiAgentArtifact accepts versioned ticket graph artifacts (0.50125ms)
✔ validateMultiAgentArtifact reports localized contract and field errors (0.419125ms)
✔ publishMultiAgentArtifact returns a typed PipelineArtifact (0.08625ms)
✔ compileExecutionPlan derives stable implementation identities, terminals, and final review (0.320583ms)
✔ compileExecutionPlan represents a new plan revision without mutating the frozen plan (0.112875ms)
✔ compileExecutionPlan rejects duplicate identities, missing dependencies, and cycles (0.125375ms)
✔ validateExecutionPlan rejects unsupported versions and invalid final review dependencies (0.293125ms)
✔ validateExecutionPlanSnapshot rejects expansion state that cannot prove one complete expansion (0.194ms)
✔ markExecutionPlanExpanded records one complete expansion and rejects a second copy (0.291292ms)
✔ renderAcpPrompt preserves skills, instructions, and task as separate ACP text blocks (0.819834ms)
✔ renderAcpPrompt omits empty optional layers and always emits the task (0.080458ms)
✔ publishPipelineArtifacts writes spec.md and one file per markdown ticket (13.356667ms)
✔ publishPipelineArtifacts replaces stale generated ticket files (6.035958ms)
✔ normalizePipelinePolicy applies read-only defaults deterministically (0.643333ms)
✔ validateAdapterSupportsPolicy refuses policies an adapter cannot guarantee (0.106958ms)
✔ evaluateToolPermissionForPolicy denies mutations under read-only policy (0.072875ms)
✔ legacy mappings preserve existing adapter vocabulary (0.057083ms)
✔ PipelineRuntime completes a linear pipeline with strict inputs and final artifact (4.986292ms)
✔ PipelineRuntime fails a terminal workspace-writing node that completes without a checkpoint (1.337417ms)
✔ PipelineRuntime renders node prompts from start inputs and typed artifacts (0.748791ms)
✔ PipelineRuntime persists one immutable Execution Plan and restores its expansion state (1.783666ms)
✔ PipelineRuntime rejects Execution Plan node identities that collide with static nodes (0.266209ms)
✔ PipelineRuntime compiles and persists a Ticket Graph before the first implementation starts (2.967917ms)
✔ PipelineRuntime rejects an unsupported structured Ticket Graph version (0.303541ms)
✔ PipelineRuntime renders pause content from typed inputs (0.3145ms)
✔ PipelineRuntime supports multiple stable pauses and rejects obsolete resumes (0.421459ms)
✔ PipelineRuntime resumes a persisted pause after runtime reconstruction (0.341375ms)
✔ PipelineRuntime emits telemetry through options without EventEmitter surface (0.20175ms)
✔ PipelineRuntime runs ready nodes together and retries transient failures (0.400083ms)
✔ PipelineRuntime expands one plan in the main run and respects dependency and concurrency limits (6.367333ms)
✔ PipelineRuntime resumes an expanded plan without injecting duplicate nodes (0.738166ms)
✔ PipelineRuntime recovers a partially executed dynamic plan without restarting completed work (3.132584ms)
✔ PipelineRuntime fail-fast result preserves diagnostics and cancels pending nodes (0.30775ms)
✔ PipelineRuntime refuses unsupported adapter policies before sending prompts (0.317416ms)
✔ PipelineRuntime refuses unresolved node skills before sending prompts (0.160833ms)
✔ PipelineRuntime pauses an interview question, records the answer, then produces a ready artifact for approval (1.112083ms)
✔ PipelineRuntime completes an interview with complete-interview and rejects later question output (0.958708ms)
✔ PipelineRuntime makes one normalized final output request after complete-interview (0.307083ms)
✔ PipelineRuntime fails after one invalid final output request without using interview repairs (0.337583ms)
✔ PipelineRuntime restores a multi-turn interview from snapshot replay and rejects obsolete answers (0.351417ms)
✔ PipelineRuntime persists node ACP history as structured replay artifact after each meaningful interview exchange (0.541625ms)
✔ PipelineRuntime repairs one malformed interview output before failing explicitly (0.339292ms)
✔ PipelineRuntime gives each interview turn its own repair budget (0.291958ms)
✔ PipelineRuntime serializes interview nodes while ordinary agents can still run (0.218666ms)
✔ PipelineRuntime returns an interview pause without waiting for ordinary independent nodes (0.200166ms)
✔ PipelineRuntime keeps technical retries independent from interview repairs (0.228417ms)
✔ PipelineRuntime replaces an interview session after retryable transport loss (0.547166ms)
✔ PipelineRuntime replays interview history into a replacement session after transport loss (0.361125ms)
✔ PipelineRuntime retries non-transport interview failures without replaying history (0.267833ms)
✔ PipelineRuntime does not let an interview pause mask an ordinary node failure (0.188417ms)
✔ PipelineRuntime opens and closes one AgentNodeSession per non-interactive attempt (0.242584ms)
✔ PipelineRuntime closes a non-interactive AgentNodeSession when send throws (0.283667ms)
✔ PipelineRuntime cancels and closes an in-flight non-interactive AgentNodeSession on run cancel (0.196ms)
✔ PipelineRuntime keeps an interview AgentNodeSession open across user answers and closes it on final artifact (0.256125ms)
✔ PipelineRuntime projects temporary agent activity without publishing node artifacts (0.215583ms)
✔ PipelineRuntime rejects an AgentNodeSession bound to another run or node (0.142375ms)
✔ PipelineRuntime cancels and closes the active interview session on reject (0.181625ms)
✔ PipelineRuntime closes active sessions after terminal success and failure are persisted (0.482334ms)
✔ dynamic tickets inherit approved delivery checkpoints and explicit output contracts (0.751417ms)
✔ agent adapter decodes bare and fenced JSON before publishing typed artifacts (1.867917ms)
✔ agent adapter rejects malformed JSON and preserves Markdown text (0.302542ms)
✖ repairs missing JSON once in a distinct read-only call while retaining the original checkpoint (2.291833ms)
✔ orders checkpoints by DAG level and declaration order, not declaration alone (1.46175ms)
✔ parallel agents may finish in opposite orders while finalization stays unique (94.907791ms)
✔ a multi-parent descendant receives every satisfied dependency checkpoint in stable declaration order (1.160917ms)
✔ an incompatible descendant composition suspends inspectably and resumes only that descendant (1.440333ms)
✔ a descendant requires checkpoints only from workspace-writing dependencies (0.413958ms)
✔ persists sandbox identity, base, checkpoint, integration state, and diagnostics before finalization (0.388125ms)
✔ recovers a running node from its persisted Sandbox Run after process reconstruction (0.867334ms)
✔ approving a node-recovery divergence retries the unfinished node instead of finalizing it (0.538875ms)
✔ a recovery divergence cancels and drains parallel node sessions before pausing (0.28175ms)
✔ read-only sandbox checkpoints remain checkpointed instead of being recorded as integrated (0.316042ms)
✔ recovers a crash after checkpoint persistence and before Promotion without relaunching the agent (0.221042ms)
✔ a finalization failure persists and emits failed without a premature completed event (3.523959ms)
✔ an Integration Conflict pauses finalization and approval retries only the incoming node (0.790292ms)
✔ a sandbox resume divergence pauses without relaunch and approval only retries reconciliation (0.398166ms)
✔ an Integration Conflict remains retryable without a persistent run store (5.268291ms)
✔ a persistent Integration Conflict pauses again after approval (0.651375ms)
✔ completed runs do not remain retained by the fallback store (2.97225ms)
✔ failed runs do not remain retained by the fallback store (0.263166ms)
✔ cancelled runs do not remain retained by the fallback store (3.009792ms)
✔ persists a completed run before notifying a failing observer (4.094917ms)
✔ a rejected Promotion cancels the run without emitting completed (3.900958ms)
✔ a cancelled Promotion cancels the run without emitting completed (2.837667ms)
✔ PipelineService materializes planning artifacts before delivery approval (6.911584ms)
✔ PipelineService runs a v3 program through PipelineRuntime with two approvals (5.110167ms)
✔ PipelineService v3 execution requires AgentNodeSession and exposes no runAgent fallback (0.375583ms)
✔ PipelineService accepts an AgentNodeSession factory for v3 agent nodes (0.509167ms)
✔ PipelineService cancel clears active v3 runtime sessions (0.455208ms)
✔ PipelineService calls onPipelineStart only for a new v3 pipeline run (0.514625ms)
✔ PipelineService projects v3 pause rejection as rejected (1.656625ms)
✔ PipelineService exposes generic v3 question resume decisions (0.352625ms)
✔ discoverModelInvokedSkills excludes explicit-only skills deterministically (0.806417ms)
✔ resolveExplicitPipelineSkills injects disable-model-invocation skills (0.215167ms)
✔ resolveExplicitPipelineSkills reports missing and disabled skills before execution (0.086167ms)
✔ resolveExplicitPipelineSkills supports folder aliases and stable path rendering (0.068375ms)
✔ resolveExplicitPipelineSkills reports ambiguous aliases (0.074916ms)
✔ resolveExplicitPipelineSkills covers named delivery pipeline skills (0.129667ms)
✔ compilePipelineV3Catalog refuses v2 without implicit conversion (0.458833ms)
✔ compilePipelineV3Catalog returns compiled v3 programs in deterministic file order (1.986042ms)
✔ compilePipelineV3Catalog rejects node network policies for Docker Sandbox agents (0.114334ms)
✔ resolvePipelineV3InstructionFiles preserves instructions separately from the task prompt (0.794208ms)
✔ resolvePipelineV3InstructionFiles accepts promptFile as a migration alias without concatenating (1.836667ms)
✔ resolvePipelineV3InstructionFiles keeps promptFile-only nodes as legacy complete tasks (0.515833ms)
✔ resolvePipelineV3InstructionFiles rejects instructionsFile without a task prompt (0.881541ms)
✔ resolvePipelineV3InstructionFiles rejects instruction paths outside ACP config root (0.3125ms)
✔ compilePipelineV3Definition compiles an immutable DAG with parallel-ready roots (1.388458ms)
✔ compilePipelineV3Definition owns Promotion once at pipeline level (0.139833ms)
✔ compilePipelineV3Definition rejects cycles, missing dependencies and unsupported versions deterministically (0.097125ms)
✔ compilePipelineV3Definition enforces strict typed artifact inputs (0.140083ms)
✔ compilePipelineV3Definition validates agent interview interaction (0.2315ms)
✔ compilePipelineV3Definition accepts instructionsFile as the public role-file field (1.026583ms)
✔ compilePipelineV3Definition accepts agent nodes without embedding an agent choice (0.088083ms)
✔ compilePipelineV3Definition rejects node network policy for Docker Sandbox Runs (0.146833ms)
✔ compilePipelineV3Definition compiles typed workspace handoff metadata (0.118458ms)
✔ compilePipelineV3Definition rejects invalid workspace handoff metadata (0.068791ms)
✔ interactive proposed plans expose their pending question (0.60625ms)
✔ ready proposed plans can be approved (0.104084ms)
✔ question proposed plans cannot be approved (0.156709ms)
✔ legacy proposed plans remain approvable (0.053375ms)
ℹ tests 132
ℹ suites 0
ℹ pass 131
ℹ fail 1
ℹ cancelled 0
ℹ skipped 0
ℹ todo 0
ℹ duration_ms 193.631792

✖ failing tests:

test at dist-test/PipelineRuntimeAgentAdapter.test.js:39:22
✖ repairs missing JSON once in a distinct read-only call while retaining the original checkpoint (2.291833ms)
  AssertionError [ERR_ASSERTION]: The expression evaluated to a falsy value:
  
    ok('artifact' in result)
  
      at TestContext.<anonymous> (/Users/dhuyet/Documents/POC/Slopify/acp-pipeline/dist-test/PipelineRuntimeAgentAdapter.test.js:60:22)
      at async Test.run (node:internal/test_runner/test:1332:7)
      at async Test.processPendingSubtests (node:internal/test_runner/test:911:7) {
    generatedMessage: true,
    code: 'ERR_ASSERTION',
    actual: false,
    expected: true,
    operator: '==',
    diff: 'simple'
  }
npm error Lifecycle script `test` failed with error:
npm error code 1
npm error path /Users/dhuyet/Documents/POC/Slopify/acp-pipeline
npm error workspace @acp-client/pipeline@0.0.0
npm error location /Users/dhuyet/Documents/POC/Slopify/acp-pipeline
npm error command failed
npm error command sh -c npm run clean:test && npm run build && tsc -p tsconfig.test.json && node --test "dist-test/**/*.test.js"
