npm notice run @acp-client/pipeline@0.0.0 test
npm notice run npm run clean:test && npm run build && tsc -p tsconfig.test.json && node --test "dist-test/**/*.test.js"
npm notice run @acp-client/pipeline@0.0.0 clean:test
npm notice run node -e "require('fs').rmSync('dist-test', { recursive: true, force: true })"
npm notice run @acp-client/pipeline@0.0.0 build
npm notice run tsc -p tsconfig.json --incremental false
✔ CLI AgentNodeSession contract opens, exchanges multiple interview turns, projects temporary activity, and closes (7.504666ms)
✔ CLI AgentNodeSession contract cancels and closes in-flight work (0.47ms)
✔ CLI AgentNodeSession contract classifies failures, retries transport loss, replays interviews, and emits one node_started (0.47475ms)
✔ CLI AgentNodeSession contract applies policy capability checks before opening and keeps retry close rules stable (0.54025ms)
✔ Pi AgentNodeSession contract opens, exchanges multiple interview turns, projects temporary activity, and closes (0.57225ms)
✔ Pi AgentNodeSession contract cancels and closes in-flight work (0.221083ms)
✔ Pi AgentNodeSession contract classifies failures, retries transport loss, replays interviews, and emits one node_started (0.308667ms)
✔ Pi AgentNodeSession contract applies policy capability checks before opening and keeps retry close rules stable (0.401292ms)
✔ VS Code AgentNodeSession contract opens, exchanges multiple interview turns, projects temporary activity, and closes (4.182292ms)
✔ VS Code AgentNodeSession contract cancels and closes in-flight work (0.25275ms)
✔ VS Code AgentNodeSession contract classifies failures, retries transport loss, replays interviews, and emits one node_started (0.263542ms)
✔ VS Code AgentNodeSession contract applies policy capability checks before opening and keeps retry close rules stable (0.273833ms)
✔ validateMultiAgentArtifact accepts versioned ticket graph artifacts (0.491833ms)
✔ validateMultiAgentArtifact reports localized contract and field errors (0.389834ms)
✔ publishMultiAgentArtifact returns a typed PipelineArtifact (0.078125ms)
✔ compileExecutionPlan derives stable implementation identities, terminals, and final review (0.283625ms)
✔ compileExecutionPlan represents a new plan revision without mutating the frozen plan (0.104417ms)
✔ compileExecutionPlan rejects duplicate identities, missing dependencies, and cycles (0.120834ms)
✔ validateExecutionPlan rejects unsupported versions and invalid final review dependencies (0.290833ms)
✔ validateExecutionPlanSnapshot rejects expansion state that cannot prove one complete expansion (0.19025ms)
✔ markExecutionPlanExpanded records one complete expansion and rejects a second copy (0.288667ms)
✔ renderAcpPrompt preserves skills, instructions, and task as separate ACP text blocks (0.664375ms)
✔ renderAcpPrompt omits empty optional layers and always emits the task (0.070458ms)
✔ publishPipelineArtifacts writes spec.md and one file per markdown ticket (5.246542ms)
✔ publishPipelineArtifacts replaces stale generated ticket files (6.480041ms)
✔ normalizePipelinePolicy applies read-only defaults deterministically (0.61425ms)
✔ validateAdapterSupportsPolicy refuses policies an adapter cannot guarantee (0.113333ms)
✔ evaluateToolPermissionForPolicy denies mutations under read-only policy (0.078833ms)
✔ legacy mappings preserve existing adapter vocabulary (0.06825ms)
✔ PipelineRuntime completes a linear pipeline with strict inputs and final artifact (4.732209ms)
✔ PipelineRuntime fails a terminal workspace-writing node that completes without a checkpoint (0.435375ms)
✔ PipelineRuntime renders node prompts from start inputs and typed artifacts (0.734334ms)
✔ PipelineRuntime persists one immutable Execution Plan and restores its expansion state (1.835583ms)
✔ PipelineRuntime rejects Execution Plan node identities that collide with static nodes (0.263125ms)
✔ PipelineRuntime compiles and persists a Ticket Graph before the first implementation starts (2.191334ms)
✔ PipelineRuntime rejects an unsupported structured Ticket Graph version (0.264541ms)
✔ PipelineRuntime renders pause content from typed inputs (0.295667ms)
✔ PipelineRuntime supports multiple stable pauses and rejects obsolete resumes (0.37675ms)
✔ PipelineRuntime resumes a persisted pause after runtime reconstruction (0.32275ms)
✔ PipelineRuntime emits telemetry through options without EventEmitter surface (0.176958ms)
✔ PipelineRuntime runs ready nodes together and retries transient failures (0.334709ms)
✔ PipelineRuntime expands one plan in the main run and respects dependency and concurrency limits (4.108834ms)
✔ PipelineRuntime resumes an expanded plan without injecting duplicate nodes (0.798458ms)
✔ PipelineRuntime recovers a partially executed dynamic plan without restarting completed work (1.379209ms)
✔ PipelineRuntime fail-fast result preserves diagnostics and cancels pending nodes (0.228042ms)
✔ PipelineRuntime refuses unsupported adapter policies before sending prompts (0.150875ms)
✔ PipelineRuntime refuses unresolved node skills before sending prompts (0.118958ms)
✔ PipelineRuntime pauses an interview question, records the answer, then produces a ready artifact for approval (1.41875ms)
✔ PipelineRuntime completes an interview with complete-interview and rejects later question output (0.712958ms)
✔ PipelineRuntime makes one normalized final output request after complete-interview (0.268209ms)
✔ PipelineRuntime fails after one invalid final output request without using interview repairs (0.288334ms)
✔ PipelineRuntime restores a multi-turn interview from snapshot replay and rejects obsolete answers (0.308ms)
✔ PipelineRuntime persists node ACP history as structured replay artifact after each meaningful interview exchange (0.471709ms)
✔ PipelineRuntime repairs one malformed interview output before failing explicitly (0.269417ms)
✔ PipelineRuntime gives each interview turn its own repair budget (0.232417ms)
✔ PipelineRuntime serializes interview nodes while ordinary agents can still run (0.179708ms)
✔ PipelineRuntime returns an interview pause without waiting for ordinary independent nodes (0.159791ms)
✔ PipelineRuntime keeps technical retries independent from interview repairs (0.192375ms)
✔ PipelineRuntime replaces an interview session after retryable transport loss (0.194333ms)
✔ PipelineRuntime replays interview history into a replacement session after transport loss (0.283625ms)
✔ PipelineRuntime retries non-transport interview failures without replaying history (0.234291ms)
✔ PipelineRuntime does not let an interview pause mask an ordinary node failure (0.161ms)
✔ PipelineRuntime opens and closes one AgentNodeSession per non-interactive attempt (0.195041ms)
✔ PipelineRuntime closes a non-interactive AgentNodeSession when send throws (0.253666ms)
✔ PipelineRuntime cancels and closes an in-flight non-interactive AgentNodeSession on run cancel (0.171167ms)
✔ PipelineRuntime keeps an interview AgentNodeSession open across user answers and closes it on final artifact (0.221334ms)
✔ PipelineRuntime projects temporary agent activity without publishing node artifacts (0.187375ms)
✔ PipelineRuntime rejects an AgentNodeSession bound to another run or node (0.125292ms)
✔ PipelineRuntime cancels and closes the active interview session on reject (0.144792ms)
✔ PipelineRuntime closes active sessions after terminal success and failure are persisted (0.288875ms)
✔ dynamic tickets inherit approved delivery checkpoints and explicit output contracts (0.669583ms)
✔ typed ticket documentation paths remain visible to Markdown handoff readers (0.055792ms)
✔ agent adapter decodes bare and fenced JSON before publishing typed artifacts (1.95325ms)
✔ agent adapter rejects malformed JSON and preserves Markdown text (0.32125ms)
✔ repairs missing JSON once in a distinct read-only call while retaining the original checkpoint (1.319416ms)
✔ orders checkpoints by DAG level and declaration order, not declaration alone (1.6815ms)
✔ parallel agents may finish in opposite orders while finalization stays unique (94.731416ms)
✔ a multi-parent descendant receives every satisfied dependency checkpoint in stable declaration order (2.374125ms)
✔ an incompatible descendant composition suspends inspectably and resumes only that descendant (3.149292ms)
✔ a descendant requires checkpoints only from workspace-writing dependencies (0.722583ms)
✔ persists sandbox identity, base, checkpoint, integration state, and diagnostics before finalization (0.585167ms)
✔ recovers a running node from its persisted Sandbox Run after process reconstruction (3.121416ms)
✔ approving a node-recovery divergence retries the unfinished node instead of finalizing it (0.940334ms)
✔ a recovery divergence cancels and drains parallel node sessions before pausing (0.527ms)
✔ read-only sandbox checkpoints remain checkpointed instead of being recorded as integrated (0.435125ms)
✔ recovers a crash after checkpoint persistence and before Promotion without relaunching the agent (0.263959ms)
✔ a finalization failure persists and emits failed without a premature completed event (4.742375ms)
✔ an Integration Conflict pauses finalization and approval retries only the incoming node (1.163834ms)
✔ a sandbox resume divergence pauses without relaunch and approval only retries reconciliation (0.469791ms)
✔ an Integration Conflict remains retryable without a persistent run store (3.425584ms)
✔ a persistent Integration Conflict pauses again after approval (0.736083ms)
✔ completed runs do not remain retained by the fallback store (5.191167ms)
✔ failed runs do not remain retained by the fallback store (0.551334ms)
✔ cancelled runs do not remain retained by the fallback store (3.3285ms)
✔ persists a completed run before notifying a failing observer (4.754042ms)
✔ a rejected Promotion cancels the run without emitting completed (4.527333ms)
✔ a cancelled Promotion cancels the run without emitting completed (3.166625ms)
✔ PipelineService materializes planning artifacts before delivery approval (6.036792ms)
✔ PipelineService runs a v3 program through PipelineRuntime with two approvals (7.504583ms)
✔ PipelineService v3 execution requires AgentNodeSession and exposes no runAgent fallback (2.227708ms)
✔ PipelineService accepts an AgentNodeSession factory for v3 agent nodes (1.206792ms)
✔ PipelineService cancel clears active v3 runtime sessions (0.495834ms)
✔ PipelineService calls onPipelineStart only for a new v3 pipeline run (0.561584ms)
✔ PipelineService projects v3 pause rejection as rejected (1.681292ms)
✔ PipelineService exposes generic v3 question resume decisions (0.352875ms)
✔ discoverModelInvokedSkills excludes explicit-only skills deterministically (0.851667ms)
✔ resolveExplicitPipelineSkills injects disable-model-invocation skills (0.295042ms)
✔ resolveExplicitPipelineSkills reports missing and disabled skills before execution (0.095542ms)
✔ resolveExplicitPipelineSkills supports folder aliases and stable path rendering (0.077083ms)
✔ resolveExplicitPipelineSkills reports ambiguous aliases (0.079458ms)
✔ resolveExplicitPipelineSkills covers named delivery pipeline skills (0.14225ms)
✔ compilePipelineV3Catalog refuses v2 without implicit conversion (0.496167ms)
✔ compilePipelineV3Catalog returns compiled v3 programs in deterministic file order (1.031041ms)
✔ compilePipelineV3Catalog rejects node network policies for Docker Sandbox agents (0.116791ms)
✔ resolvePipelineV3InstructionFiles preserves instructions separately from the task prompt (0.799584ms)
✔ resolvePipelineV3InstructionFiles accepts promptFile as a migration alias without concatenating (0.441292ms)
✔ resolvePipelineV3InstructionFiles keeps promptFile-only nodes as legacy complete tasks (0.744209ms)
✔ resolvePipelineV3InstructionFiles rejects instructionsFile without a task prompt (0.432292ms)
✔ resolvePipelineV3InstructionFiles rejects instruction paths outside ACP config root (0.92625ms)
✔ compilePipelineV3Definition compiles an immutable DAG with parallel-ready roots (1.443083ms)
✔ compilePipelineV3Definition owns Promotion once at pipeline level (0.146083ms)
✔ compilePipelineV3Definition rejects cycles, missing dependencies and unsupported versions deterministically (0.100166ms)
✔ compilePipelineV3Definition enforces strict typed artifact inputs (0.143834ms)
✔ compilePipelineV3Definition validates agent interview interaction (0.225834ms)
✔ compilePipelineV3Definition accepts instructionsFile as the public role-file field (0.956ms)
✔ compilePipelineV3Definition accepts agent nodes without embedding an agent choice (0.08ms)
✔ compilePipelineV3Definition rejects node network policy for Docker Sandbox Runs (0.137417ms)
✔ compilePipelineV3Definition compiles typed workspace handoff metadata (0.113541ms)
✔ compilePipelineV3Definition rejects invalid workspace handoff metadata (0.065167ms)
✔ interactive proposed plans expose their pending question (0.647125ms)
✔ ready proposed plans can be approved (0.111875ms)
✔ question proposed plans cannot be approved (0.164708ms)
✔ legacy proposed plans remain approvable (0.051375ms)
ℹ tests 133
ℹ suites 0
ℹ pass 133
ℹ fail 0
ℹ cancelled 0
ℹ skipped 0
ℹ todo 0
ℹ duration_ms 208.092167
