npm notice run @acp-client/pipeline@0.0.0 test
npm notice run npm run clean:test && npm run build && tsc -p tsconfig.test.json && node --test "dist-test/**/*.test.js"
npm notice run @acp-client/pipeline@0.0.0 clean:test
npm notice run node -e "require('fs').rmSync('dist-test', { recursive: true, force: true })"
npm notice run @acp-client/pipeline@0.0.0 build
npm notice run tsc -p tsconfig.json --incremental false
✔ CLI AgentNodeSession contract opens, exchanges multiple interview turns, projects temporary activity, and closes (5.36725ms)
✔ CLI AgentNodeSession contract cancels and closes in-flight work (0.436166ms)
✔ CLI AgentNodeSession contract classifies failures, retries transport loss, replays interviews, and emits one node_started (0.441042ms)
✔ CLI AgentNodeSession contract applies policy capability checks before opening and keeps retry close rules stable (0.521917ms)
✔ Pi AgentNodeSession contract opens, exchanges multiple interview turns, projects temporary activity, and closes (0.607958ms)
✔ Pi AgentNodeSession contract cancels and closes in-flight work (0.246625ms)
✔ Pi AgentNodeSession contract classifies failures, retries transport loss, replays interviews, and emits one node_started (0.34375ms)
✔ Pi AgentNodeSession contract applies policy capability checks before opening and keeps retry close rules stable (2.10325ms)
✔ VS Code AgentNodeSession contract opens, exchanges multiple interview turns, projects temporary activity, and closes (0.654ms)
✔ VS Code AgentNodeSession contract cancels and closes in-flight work (0.196458ms)
✔ VS Code AgentNodeSession contract classifies failures, retries transport loss, replays interviews, and emits one node_started (0.247416ms)
✔ VS Code AgentNodeSession contract applies policy capability checks before opening and keeps retry close rules stable (0.267542ms)
✔ validateMultiAgentArtifact accepts versioned ticket graph artifacts (0.46975ms)
✔ validateMultiAgentArtifact reports localized contract and field errors (0.404291ms)
✔ publishMultiAgentArtifact returns a typed PipelineArtifact (0.077125ms)
✔ compileExecutionPlan derives stable implementation identities, terminals, and final review (0.322792ms)
✔ compileExecutionPlan represents a new plan revision without mutating the frozen plan (0.104709ms)
✔ compileExecutionPlan rejects duplicate identities, missing dependencies, and cycles (0.114333ms)
✔ validateExecutionPlan rejects unsupported versions and invalid final review dependencies (0.285375ms)
✔ validateExecutionPlanSnapshot rejects expansion state that cannot prove one complete expansion (0.187709ms)
✔ markExecutionPlanExpanded records one complete expansion and rejects a second copy (0.286208ms)
✔ renderAcpPrompt preserves skills, instructions, and task as separate ACP text blocks (0.62025ms)
✔ renderAcpPrompt omits empty optional layers and always emits the task (1.696208ms)
✔ publishPipelineArtifacts writes spec.md and one file per markdown ticket (6.558166ms)
✔ publishPipelineArtifacts replaces stale generated ticket files (2.271458ms)
✔ normalizePipelinePolicy applies read-only defaults deterministically (0.595292ms)
✔ validateAdapterSupportsPolicy refuses policies an adapter cannot guarantee (0.113875ms)
✔ evaluateToolPermissionForPolicy denies mutations under read-only policy (0.075875ms)
✔ legacy mappings preserve existing adapter vocabulary (0.063458ms)
✔ PipelineRuntime completes a linear pipeline with strict inputs and final artifact (12.982ms)
✔ PipelineRuntime fails a terminal workspace-writing node that completes without a checkpoint (0.453708ms)
✔ PipelineRuntime renders node prompts from start inputs and typed artifacts (0.725334ms)
✔ PipelineRuntime persists one immutable Execution Plan and restores its expansion state (1.779459ms)
✔ PipelineRuntime rejects Execution Plan node identities that collide with static nodes (0.26875ms)
✔ PipelineRuntime compiles and persists a Ticket Graph before the first implementation starts (1.129667ms)
✔ PipelineRuntime rejects an unsupported structured Ticket Graph version (0.293583ms)
✔ PipelineRuntime renders pause content from typed inputs (0.296333ms)
✔ PipelineRuntime supports multiple stable pauses and rejects obsolete resumes (0.367625ms)
✔ PipelineRuntime resumes a persisted pause after runtime reconstruction (0.301708ms)
✔ PipelineRuntime emits telemetry through options without EventEmitter surface (0.175833ms)
✔ PipelineRuntime runs ready nodes together and retries transient failures (0.329375ms)
✔ PipelineRuntime expands one plan in the main run and respects dependency and concurrency limits (3.851ms)
✔ PipelineRuntime resumes an expanded plan without injecting duplicate nodes (0.690125ms)
✔ PipelineRuntime recovers a partially executed dynamic plan without restarting completed work (1.428375ms)
✔ PipelineRuntime fail-fast result preserves diagnostics and cancels pending nodes (0.29475ms)
✔ PipelineRuntime refuses unsupported adapter policies before sending prompts (0.156791ms)
✔ PipelineRuntime refuses unresolved node skills before sending prompts (0.109042ms)
✔ PipelineRuntime pauses an interview question, records the answer, then produces a ready artifact for approval (0.935541ms)
✔ PipelineRuntime completes an interview with complete-interview and rejects later question output (0.893875ms)
✔ PipelineRuntime makes one normalized final output request after complete-interview (0.299541ms)
✔ PipelineRuntime fails after one invalid final output request without using interview repairs (0.304833ms)
✔ PipelineRuntime restores a multi-turn interview from snapshot replay and rejects obsolete answers (0.309958ms)
✔ PipelineRuntime persists node ACP history as structured replay artifact after each meaningful interview exchange (0.458625ms)
✔ PipelineRuntime repairs one malformed interview output before failing explicitly (0.270041ms)
✔ PipelineRuntime gives each interview turn its own repair budget (0.229125ms)
✔ PipelineRuntime serializes interview nodes while ordinary agents can still run (0.173667ms)
✔ PipelineRuntime returns an interview pause without waiting for ordinary independent nodes (0.159417ms)
✔ PipelineRuntime keeps technical retries independent from interview repairs (0.188041ms)
✔ PipelineRuntime replaces an interview session after retryable transport loss (0.624333ms)
✔ PipelineRuntime replays interview history into a replacement session after transport loss (0.453375ms)
✔ PipelineRuntime retries non-transport interview failures without replaying history (0.319709ms)
✔ PipelineRuntime does not let an interview pause mask an ordinary node failure (0.211333ms)
✔ PipelineRuntime opens and closes one AgentNodeSession per non-interactive attempt (0.239375ms)
✔ PipelineRuntime closes a non-interactive AgentNodeSession when send throws (0.307625ms)
✔ PipelineRuntime cancels and closes an in-flight non-interactive AgentNodeSession on run cancel (0.203792ms)
✔ PipelineRuntime keeps an interview AgentNodeSession open across user answers and closes it on final artifact (0.281083ms)
✔ PipelineRuntime projects temporary agent activity without publishing node artifacts (0.252209ms)
✔ PipelineRuntime rejects an AgentNodeSession bound to another run or node (0.156667ms)
✔ PipelineRuntime cancels and closes the active interview session on reject (0.170666ms)
✔ PipelineRuntime closes active sessions after terminal success and failure are persisted (0.316458ms)
✔ dynamic tickets inherit approved delivery checkpoints and explicit output contracts (0.775375ms)
✖ typed ticket documentation paths remain visible to Markdown handoff readers (0.334ms)
✔ agent adapter decodes bare and fenced JSON before publishing typed artifacts (1.870625ms)
✔ agent adapter rejects malformed JSON and preserves Markdown text (0.30525ms)
✔ repairs missing JSON once in a distinct read-only call while retaining the original checkpoint (0.262625ms)
✔ orders checkpoints by DAG level and declaration order, not declaration alone (1.514875ms)
✔ parallel agents may finish in opposite orders while finalization stays unique (91.408416ms)
✔ a multi-parent descendant receives every satisfied dependency checkpoint in stable declaration order (1.288625ms)
✔ an incompatible descendant composition suspends inspectably and resumes only that descendant (1.618959ms)
✔ a descendant requires checkpoints only from workspace-writing dependencies (0.437167ms)
✔ persists sandbox identity, base, checkpoint, integration state, and diagnostics before finalization (0.409833ms)
✔ recovers a running node from its persisted Sandbox Run after process reconstruction (1.018625ms)
✔ approving a node-recovery divergence retries the unfinished node instead of finalizing it (0.616291ms)
✔ a recovery divergence cancels and drains parallel node sessions before pausing (0.328167ms)
✔ read-only sandbox checkpoints remain checkpointed instead of being recorded as integrated (0.356ms)
✔ recovers a crash after checkpoint persistence and before Promotion without relaunching the agent (0.248042ms)
✔ a finalization failure persists and emits failed without a premature completed event (5.252167ms)
✔ an Integration Conflict pauses finalization and approval retries only the incoming node (0.824667ms)
✔ a sandbox resume divergence pauses without relaunch and approval only retries reconciliation (0.432583ms)
✔ an Integration Conflict remains retryable without a persistent run store (6.10125ms)
✔ a persistent Integration Conflict pauses again after approval (0.738042ms)
✔ completed runs do not remain retained by the fallback store (4.779709ms)
✔ failed runs do not remain retained by the fallback store (0.288542ms)
✔ cancelled runs do not remain retained by the fallback store (4.55875ms)
✔ persists a completed run before notifying a failing observer (4.755417ms)
✔ a rejected Promotion cancels the run without emitting completed (3.3685ms)
✔ a cancelled Promotion cancels the run without emitting completed (4.5015ms)
✔ PipelineService materializes planning artifacts before delivery approval (8.228708ms)
✔ PipelineService runs a v3 program through PipelineRuntime with two approvals (5.870042ms)
✔ PipelineService v3 execution requires AgentNodeSession and exposes no runAgent fallback (0.319125ms)
✔ PipelineService accepts an AgentNodeSession factory for v3 agent nodes (1.348958ms)
✔ PipelineService cancel clears active v3 runtime sessions (0.512ms)
✔ PipelineService calls onPipelineStart only for a new v3 pipeline run (0.523209ms)
✔ PipelineService projects v3 pause rejection as rejected (1.622ms)
✔ PipelineService exposes generic v3 question resume decisions (0.372542ms)
✔ discoverModelInvokedSkills excludes explicit-only skills deterministically (0.861333ms)
✔ resolveExplicitPipelineSkills injects disable-model-invocation skills (0.220333ms)
✔ resolveExplicitPipelineSkills reports missing and disabled skills before execution (0.092084ms)
✔ resolveExplicitPipelineSkills supports folder aliases and stable path rendering (0.080125ms)
✔ resolveExplicitPipelineSkills reports ambiguous aliases (0.081292ms)
✔ resolveExplicitPipelineSkills covers named delivery pipeline skills (0.135542ms)
✔ compilePipelineV3Catalog refuses v2 without implicit conversion (0.4575ms)
✔ compilePipelineV3Catalog returns compiled v3 programs in deterministic file order (1.000792ms)
✔ compilePipelineV3Catalog rejects node network policies for Docker Sandbox agents (0.09925ms)
✔ resolvePipelineV3InstructionFiles preserves instructions separately from the task prompt (0.617375ms)
✔ resolvePipelineV3InstructionFiles accepts promptFile as a migration alias without concatenating (0.604958ms)
✔ resolvePipelineV3InstructionFiles keeps promptFile-only nodes as legacy complete tasks (3.283541ms)
✔ resolvePipelineV3InstructionFiles rejects instructionsFile without a task prompt (0.640208ms)
✔ resolvePipelineV3InstructionFiles rejects instruction paths outside ACP config root (0.403125ms)
✔ compilePipelineV3Definition compiles an immutable DAG with parallel-ready roots (1.417333ms)
✔ compilePipelineV3Definition owns Promotion once at pipeline level (0.136333ms)
✔ compilePipelineV3Definition rejects cycles, missing dependencies and unsupported versions deterministically (0.093708ms)
✔ compilePipelineV3Definition enforces strict typed artifact inputs (0.143708ms)
✔ compilePipelineV3Definition validates agent interview interaction (0.2225ms)
✔ compilePipelineV3Definition accepts instructionsFile as the public role-file field (1.004416ms)
✔ compilePipelineV3Definition accepts agent nodes without embedding an agent choice (0.082958ms)
✔ compilePipelineV3Definition rejects node network policy for Docker Sandbox Runs (0.157791ms)
✔ compilePipelineV3Definition compiles typed workspace handoff metadata (0.133416ms)
✔ compilePipelineV3Definition rejects invalid workspace handoff metadata (0.068459ms)
✔ interactive proposed plans expose their pending question (0.541833ms)
✔ ready proposed plans can be approved (0.109375ms)
✔ question proposed plans cannot be approved (0.151709ms)
✔ legacy proposed plans remain approvable (0.043333ms)
ℹ tests 133
ℹ suites 0
ℹ pass 132
ℹ fail 1
ℹ cancelled 0
ℹ skipped 0
ℹ todo 0
ℹ duration_ms 207.572375

✖ failing tests:

test at dist-test/PipelineRuntime.test.js:2072:22
✖ typed ticket documentation paths remain visible to Markdown handoff readers (0.334ms)
  AssertionError [ERR_ASSERTION]: The input did not match the regular expression /`\.scratch\/example\/issues\/`/. Input:
  
  '{"contract":"acp.ticket-graph/v1","documentation":".scratch/example/issues/","tickets":[]}'
  
      at TestContext.<anonymous> (/Users/dhuyet/Documents/POC/Slopify/acp-pipeline/dist-test/PipelineRuntime.test.js:2075:12)
      at Test.runInAsyncScope (node:async_hooks:227:14)
      at Test.run (node:internal/test_runner/test:1325:25)
      at Test.processPendingSubtests (node:internal/test_runner/test:911:18)
      at Test.postRun (node:internal/test_runner/test:1465:19)
      at Test.run (node:internal/test_runner/test:1390:12)
      at async Test.processPendingSubtests (node:internal/test_runner/test:911:7) {
    generatedMessage: true,
    code: 'ERR_ASSERTION',
    actual: '{"contract":"acp.ticket-graph/v1","documentation":".scratch/example/issues/","tickets":[]}',
    expected: /`\.scratch\/example\/issues\/`/,
    operator: 'match',
    diff: 'simple'
  }
npm error Lifecycle script `test` failed with error:
npm error code 1
npm error path /Users/dhuyet/Documents/POC/Slopify/acp-pipeline
npm error workspace @acp-client/pipeline@0.0.0
npm error location /Users/dhuyet/Documents/POC/Slopify/acp-pipeline
npm error command failed
npm error command sh -c npm run clean:test && npm run build && tsc -p tsconfig.test.json && node --test "dist-test/**/*.test.js"
